tensor                        slope      r   ocs sd  compo sd
    sketch B 64/128  (9s)
    sketch B 128/128  (18s)
L1.self_attn.q_proj        -1.20  -0.35    0.434     1.435
    sketch B 64/128  (9s)
    sketch B 128/128  (18s)
L1.self_attn.k_proj        -2.20  -0.69    0.388     0.909
    sketch B 64/128  (9s)
    sketch B 128/128  (17s)
L1.self_attn.o_proj        -0.78  -0.61    0.132     0.209
    sketch B 64/128  (9s)
    sketch B 128/128  (18s)
L1.mlp.down_proj           -1.74  -0.42    0.078     0.291
    sketch B 64/128  (7s)
    sketch B 128/128  (14s)
L8.self_attn.q_proj        +0.04  +0.01    0.392     1.552
    sketch B 64/128  (7s)
    sketch B 128/128  (14s)
L8.self_attn.k_proj        -0.51  -0.15    0.307     1.140
    sketch B 64/128  (7s)
    sketch B 128/128  (14s)
L8.self_attn.o_proj        -1.64  -0.90    0.187     0.165
    sketch B 64/128  (7s)
    sketch B 128/128  (15s)
L8.mlp.down_proj           -1.97  -0.90    0.117     0.112
    sketch B 64/128  (5s)
    sketch B 128/128  (10s)
L15.self_attn.q_proj        -0.05  -0.02    0.520     1.588
    sketch B 64/128  (5s)
    sketch B 128/128  (10s)
L15.self_attn.k_proj        -1.58  -0.38    0.283     1.091
    sketch B 64/128  (5s)
    sketch B 128/128  (10s)
L15.self_attn.o_proj        -1.20  -0.75    0.148     0.196
    sketch B 64/128  (6s)
    sketch B 128/128  (11s)
L15.mlp.down_proj           -1.79  -0.71    0.085     0.150
